[55205] Puma starting in cluster mode...
[55205] * Puma version: 8.0.2 ("Into the Arena")
[55205] * Ruby version: ruby 4.0.6 (2026-07-14 revision 03b6d3f889) +PRISM [arm64-darwin23]
[55205] *  Min threads: 5
[55205] *  Max threads: 5
[55205] *  Environment: production
[55205] *   Master PID: 55205
[55205] *      Workers: 8
[55205] *     Restarts: (✔) hot (✖) phased (✖) refork
[55205] * Preloading application
[55205] * Listening on http://[::]:5198
[55205] * Listening on http://127.0.0.1:5198
[55205] Use Ctrl-C to stop
[55205] - Worker 0 (PID: 55358) booted in 0.02s, phase: 0
[55205] - Worker 1 (PID: 55359) booted in 0.02s, phase: 0
[55205] - Worker 2 (PID: 55361) booted in 0.01s, phase: 0
[55205] - Worker 3 (PID: 55363) booted in 0.01s, phase: 0
[55205] - Worker 4 (PID: 55364) booted in 0.01s, phase: 0
[55205] - Worker 5 (PID: 55365) booted in 0.01s, phase: 0
[55205] - Worker 6 (PID: 55366) booted in 0.01s, phase: 0
[55205] - Worker 7 (PID: 55367) booted in 0.0s, phase: 0
[55205] === puma shutdown: 2026-09-29 11:44:52 +0700 ===
[55205] - Goodbye!
[55205] - Gracefully shutting down workers...
