[22125] Puma starting in cluster mode...
[22125] * Puma version: 8.0.2 ("Into the Arena")
[22125] * Ruby version: ruby 4.0.6 (2026-07-14 revision 03b6d3f889) +PRISM [arm64-darwin23]
[22125] *  Min threads: 5
[22125] *  Max threads: 5
[22125] *  Environment: production
[22125] *   Master PID: 22125
[22125] *      Workers: 8
[22125] *     Restarts: (✔) hot (✖) phased (✖) refork
[22125] * Preloading application
[22125] * Listening on http://[::]:5198
[22125] * Listening on http://127.0.0.1:5198
[22125] Use Ctrl-C to stop
[22125] - Worker 0 (PID: 22277) booted in 0.01s, phase: 0
[22125] - Worker 1 (PID: 22279) booted in 0.01s, phase: 0
[22125] - Worker 2 (PID: 22280) booted in 0.01s, phase: 0
[22125] - Worker 4 (PID: 22282) booted in 0.01s, phase: 0
[22125] - Worker 3 (PID: 22281) booted in 0.01s, phase: 0
[22125] - Worker 5 (PID: 22283) booted in 0.01s, phase: 0
[22125] - Worker 6 (PID: 22284) booted in 0.01s, phase: 0
[22125] - Worker 7 (PID: 22285) booted in 0.01s, phase: 0
[22125] === puma shutdown: 2026-09-29 11:20:21 +0700 ===
[22125] - Goodbye!
[22125] - Gracefully shutting down workers...
