[63365] Puma starting in cluster mode...
[63365] * Puma version: 8.0.2 ("Into the Arena")
[63365] * Ruby version: ruby 4.0.6 (2026-07-14 revision 03b6d3f889) +PRISM [arm64-darwin23]
[63365] *  Min threads: 5
[63365] *  Max threads: 5
[63365] *  Environment: production
[63365] *   Master PID: 63365
[63365] *      Workers: 8
[63365] *     Restarts: (✔) hot (✖) phased (✖) refork
[63365] * Preloading application
[63365] * Listening on http://[::]:5198
[63365] * Listening on http://127.0.0.1:5198
[63365] Use Ctrl-C to stop
[63365] - Worker 0 (PID: 63518) booted in 0.01s, phase: 0
[63365] - Worker 1 (PID: 63519) booted in 0.01s, phase: 0
[63365] - Worker 2 (PID: 63520) booted in 0.01s, phase: 0
[63365] - Worker 3 (PID: 63521) booted in 0.01s, phase: 0
[63365] - Worker 4 (PID: 63522) booted in 0.01s, phase: 0
[63365] - Worker 5 (PID: 63523) booted in 0.01s, phase: 0
[63365] - Worker 6 (PID: 63524) booted in 0.01s, phase: 0
[63365] - Worker 7 (PID: 63527) booted in 0.0s, phase: 0
[63365] === puma shutdown: 2026-09-29 11:50:58 +0700 ===
[63365] - Goodbye!
[63365] - Gracefully shutting down workers...
