[38526] Puma starting in cluster mode...
[38526] * Puma version: 8.0.2 ("Into the Arena")
[38526] * Ruby version: ruby 4.0.6 (2026-07-14 revision 03b6d3f889) +PRISM [arm64-darwin23]
[38526] *  Min threads: 5
[38526] *  Max threads: 5
[38526] *  Environment: production
[38526] *   Master PID: 38526
[38526] *      Workers: 8
[38526] *     Restarts: (✔) hot (✖) phased (✖) refork
[38526] * Preloading application
[38526] * Listening on http://[::]:5198
[38526] * Listening on http://127.0.0.1:5198
[38526] Use Ctrl-C to stop
[38526] - Worker 0 (PID: 38711) booted in 0.01s, phase: 0
[38526] - Worker 1 (PID: 38712) booted in 0.01s, phase: 0
[38526] - Worker 2 (PID: 38713) booted in 0.01s, phase: 0
[38526] - Worker 3 (PID: 38714) booted in 0.01s, phase: 0
[38526] - Worker 4 (PID: 38715) booted in 0.01s, phase: 0
[38526] - Worker 5 (PID: 38716) booted in 0.01s, phase: 0
[38526] - Worker 6 (PID: 38717) booted in 0.01s, phase: 0
[38526] - Worker 7 (PID: 38718) booted in 0.0s, phase: 0
[38526] === puma shutdown: 2026-09-29 11:32:36 +0700 ===
[38526] - Goodbye!
[38526] - Gracefully shutting down workers...
