[4750] Puma starting in cluster mode...
[4750] * Puma version: 8.0.2 ("Into the Arena")
[4750] * Ruby version: ruby 4.0.6 (2026-07-14 revision 03b6d3f889) +PRISM [arm64-darwin23]
[4750] *  Min threads: 5
[4750] *  Max threads: 5
[4750] *  Environment: production
[4750] *   Master PID: 4750
[4750] *      Workers: 8
[4750] *     Restarts: (✔) hot (✖) phased (✖) refork
[4750] * Preloading application
[4750] * Listening on http://[::]:5198
[4750] * Listening on http://127.0.0.1:5198
[4750] Use Ctrl-C to stop
[4750] - Worker 0 (PID: 4891) booted in 0.01s, phase: 0
[4750] - Worker 1 (PID: 4892) booted in 0.01s, phase: 0
[4750] - Worker 2 (PID: 4893) booted in 0.01s, phase: 0
[4750] - Worker 3 (PID: 4894) booted in 0.01s, phase: 0
[4750] - Worker 4 (PID: 4895) booted in 0.01s, phase: 0
[4750] - Worker 5 (PID: 4896) booted in 0.01s, phase: 0
[4750] - Worker 6 (PID: 4897) booted in 0.01s, phase: 0
[4750] - Worker 7 (PID: 4898) booted in 0.0s, phase: 0
[4750] === puma shutdown: 2026-09-29 12:21:34 +0700 ===
[4750] - Goodbye!
[4750] - Gracefully shutting down workers...
