[87746] Puma starting in cluster mode...
[87746] * Puma version: 8.0.2 ("Into the Arena")
[87746] * Ruby version: ruby 4.0.6 (2026-07-14 revision 03b6d3f889) +PRISM [arm64-darwin23]
[87746] *  Min threads: 5
[87746] *  Max threads: 5
[87746] *  Environment: production
[87746] *   Master PID: 87746
[87746] *      Workers: 8
[87746] *     Restarts: (✔) hot (✖) phased (✖) refork
[87746] * Preloading application
[87746] * Listening on http://[::]:5198
[87746] * Listening on http://127.0.0.1:5198
[87746] Use Ctrl-C to stop
[87746] - Worker 0 (PID: 87912) booted in 0.01s, phase: 0
[87746] - Worker 1 (PID: 87914) booted in 0.01s, phase: 0
[87746] - Worker 2 (PID: 87916) booted in 0.01s, phase: 0
[87746] - Worker 3 (PID: 87917) booted in 0.01s, phase: 0
[87746] - Worker 4 (PID: 87918) booted in 0.01s, phase: 0
[87746] - Worker 5 (PID: 87919) booted in 0.01s, phase: 0
[87746] - Worker 7 (PID: 87921) booted in 0.0s, phase: 0
[87746] - Worker 6 (PID: 87920) booted in 0.01s, phase: 0
[87746] === puma shutdown: 2026-09-29 12:09:19 +0700 ===
[87746] - Goodbye!
[87746] - Gracefully shutting down workers...
