[96286] Puma starting in cluster mode...
[96286] * Puma version: 8.0.2 ("Into the Arena")
[96286] * Ruby version: ruby 4.0.6 (2026-07-14 revision 03b6d3f889) +PRISM [arm64-darwin23]
[96286] *  Min threads: 5
[96286] *  Max threads: 5
[96286] *  Environment: production
[96286] *   Master PID: 96286
[96286] *      Workers: 8
[96286] *     Restarts: (✔) hot (✖) phased (✖) refork
[96286] * Preloading application
[96286] * Listening on http://[::]:5198
[96286] * Listening on http://127.0.0.1:5198
[96286] Use Ctrl-C to stop
[96286] - Worker 0 (PID: 96426) booted in 0.02s, phase: 0
[96286] - Worker 1 (PID: 96427) booted in 0.02s, phase: 0
[96286] - Worker 2 (PID: 96428) booted in 0.01s, phase: 0
[96286] - Worker 3 (PID: 96429) booted in 0.01s, phase: 0
[96286] - Worker 4 (PID: 96430) booted in 0.01s, phase: 0
[96286] - Worker 5 (PID: 96431) booted in 0.01s, phase: 0
[96286] - Worker 6 (PID: 96432) booted in 0.01s, phase: 0
[96286] - Worker 7 (PID: 96433) booted in 0.0s, phase: 0
[96286] === puma shutdown: 2026-09-29 12:15:26 +0700 ===
[96286] - Goodbye!
[96286] - Gracefully shutting down workers...
