[30276] Puma starting in cluster mode...
[30276] * Puma version: 8.0.2 ("Into the Arena")
[30276] * Ruby version: ruby 4.0.6 (2026-07-14 revision 03b6d3f889) +PRISM [arm64-darwin23]
[30276] *  Min threads: 5
[30276] *  Max threads: 5
[30276] *  Environment: production
[30276] *   Master PID: 30276
[30276] *      Workers: 8
[30276] *     Restarts: (✔) hot (✖) phased (✖) refork
[30276] * Preloading application
[30276] * Listening on http://[::]:5198
[30276] * Listening on http://127.0.0.1:5198
[30276] Use Ctrl-C to stop
[30276] - Worker 0 (PID: 30467) booted in 0.02s, phase: 0
[30276] - Worker 1 (PID: 30468) booted in 0.01s, phase: 0
[30276] - Worker 2 (PID: 30469) booted in 0.01s, phase: 0
[30276] - Worker 3 (PID: 30470) booted in 0.01s, phase: 0
[30276] - Worker 4 (PID: 30471) booted in 0.01s, phase: 0
[30276] - Worker 5 (PID: 30472) booted in 0.01s, phase: 0
[30276] - Worker 6 (PID: 30473) booted in 0.01s, phase: 0
[30276] - Worker 7 (PID: 30474) booted in 0.01s, phase: 0
[30276] === puma shutdown: 2026-09-29 11:26:29 +0700 ===
[30276] - Goodbye!
[30276] - Gracefully shutting down workers...
